2026-08-13T01:09:10+0530 [WARNING] [sensors.ionconcentration_reader] Ion concentration sensor read failed on /dev/ttyUSB1: No module named 'pymodbus'
2026-08-13T01:09:11+0530 [WARNING] [vision.side_camera] Side Camera (index 0) is unavailable
2026-08-13T01:09:11+0530 [WARNING] [vision.side_camera] Side Camera (index 1) is unavailable
2026-08-13T01:09:48+0530 [INFO] [ml.water_quality_predictor] Loaded water quality model: rfr_model.pkl
2026-08-13T15:21:52+0530 [WARNING] [sensors.ionconcentration_reader] Ion concentration sensor read failed on /dev/ttyUSB1: No module named 'pymodbus'
2026-08-13T15:21:52+0530 [WARNING] [vision.side_camera] Side Camera (index 0) is unavailable
2026-08-13T15:23:26+0530 [WARNING] [vision.side_camera] Hardware Camera (index 0) is unavailable. Switching to live synthetic video feed.
2026-08-13T15:23:34+0530 [WARNING] [sensors.ionconcentration_reader] Ion concentration sensor read failed on /dev/ttyUSB1: No module named 'pymodbus'
2026-08-13T15:23:34+0530 [WARNING] [vision.side_camera] Hardware Camera (index 0) is unavailable. Switching to live synthetic video feed.
2026-08-13T15:23:36+0530 [INFO] [vision.fish_tracker] YOLOv8 ONNX fish detector loaded: fish_detector_yolov8.onnx  input=(640, 640)
2026-08-13T15:48:38+0530 [WARNING] [sensors.ionconcentration_reader] Ion concentration sensor read failed on /dev/ttyUSB1: No module named 'pymodbus'
2026-08-13T15:48:38+0530 [WARNING] [vision.side_camera] Hardware Camera (index 0) is unavailable. Switching to live synthetic video feed.
2026-08-13T15:48:40+0530 [INFO] [vision.fish_tracker] YOLOv8 ONNX fish detector loaded: fish_detector_yolov8.onnx  input=(640, 640)
2026-08-13T16:05:19+0530 [WARNING] [vision.side_camera] Hardware Camera (index 0) is unavailable. Switching to live synthetic video feed.
2026-08-13T16:05:20+0530 [INFO] [vision.fish_tracker] YOLOv8 ONNX fish detector loaded: fish_detector_yolov8.onnx  input=(640, 640)
2026-08-13T16:05:46+0530 [WARNING] [vision.side_camera] Hardware Camera (index 0) is unavailable. Switching to live synthetic video feed.
2026-08-13T16:22:56+0530 [WARNING] [vision.side_camera] Hardware Camera (index 0) is unavailable. Switching to live synthetic video feed.
2026-08-13T16:33:29+0530 [WARNING] [sensors.ionconcentration_reader] Ion concentration sensor read failed on /dev/ttyUSB1: No module named 'pymodbus'
2026-08-13T16:33:29+0530 [WARNING] [vision.side_camera] Hardware Camera (index 0) is unavailable. Switching to live synthetic video feed.
2026-08-13T16:33:29+0530 [WARNING] [master] Visual observation loop error (continuing with accumulated data): cannot access local variable 'actual_dt' where it is not associated with a value
2026-08-13T16:33:48+0530 [WARNING] [sensors.ionconcentration_reader] Ion concentration sensor read failed on /dev/ttyUSB1: No module named 'pymodbus'
2026-08-13T16:33:48+0530 [WARNING] [vision.side_camera] Hardware Camera (index 0) is unavailable. Switching to live synthetic video feed.
2026-08-13T16:33:49+0530 [INFO] [vision.fish_tracker] YOLOv8 ONNX fish detector loaded: fish_detector_yolov8.onnx input=(640, 640)
2026-08-13T16:33:50+0530 [WARNING] [master] Visual observation loop error (continuing with accumulated data): name 'FREEZE_SPEED_THRESHOLD' is not defined
2026-08-13T16:34:12+0530 [WARNING] [sensors.ionconcentration_reader] Ion concentration sensor read failed on /dev/ttyUSB1: No module named 'pymodbus'
2026-08-13T16:34:12+0530 [WARNING] [vision.side_camera] Hardware Camera (index 0) is unavailable. Switching to live synthetic video feed.
2026-08-13T16:34:14+0530 [INFO] [vision.fish_tracker] YOLOv8 ONNX fish detector loaded: fish_detector_yolov8.onnx input=(640, 640)
2026-08-13T16:34:15+0530 [WARNING] [master] Visual observation loop error (continuing with accumulated data): name 'np' is not defined
2026-08-13T16:34:34+0530 [WARNING] [sensors.ionconcentration_reader] Ion concentration sensor read failed on /dev/ttyUSB1: No module named 'pymodbus'
2026-08-13T16:34:34+0530 [WARNING] [vision.side_camera] Hardware Camera (index 0) is unavailable. Switching to live synthetic video feed.
2026-08-13T16:34:35+0530 [INFO] [vision.fish_tracker] YOLOv8 ONNX fish detector loaded: fish_detector_yolov8.onnx input=(640, 640)
2026-08-13T16:44:13+0530 [WARNING] [sensors.ionconcentration_reader] Ion concentration sensor read failed on /dev/ttyUSB1: No module named 'pymodbus'
2026-08-13T16:44:13+0530 [WARNING] [vision.side_camera] Hardware Camera (index 0) is unavailable. Switching to live synthetic video feed.
2026-08-13T16:44:13+0530 [WARNING] [master] Visual observation loop error (continuing with accumulated data): name 'classify_tank_stress' is not defined
2026-08-13T16:44:44+0530 [WARNING] [sensors.ionconcentration_reader] Ion concentration sensor read failed on /dev/ttyUSB1: No module named 'pymodbus'
2026-08-13T16:44:44+0530 [WARNING] [vision.side_camera] Hardware Camera (index 0) is unavailable. Switching to live synthetic video feed.
2026-08-13T16:44:45+0530 [INFO] [vision.fish_tracker] YOLOv8 ONNX fish detector loaded: fish_detector_yolov8.onnx input=(640, 640)
2026-08-13T16:54:27+0530 [WARNING] [sensors.ionconcentration_reader] Ion concentration sensor read failed on /dev/ttyUSB1: No module named 'pymodbus'
2026-08-13T16:54:27+0530 [WARNING] [vision.side_camera] Hardware Camera (index 0) is unavailable. Switching to live synthetic video feed.
2026-08-13T16:54:28+0530 [INFO] [vision.fish_tracker] YOLOv8 ONNX fish detector loaded: fish_detector_yolov8.onnx input=(640, 640)
2026-08-13T17:03:22+0530 [WARNING] [vision.side_camera] Hardware Camera (index 0) is unavailable. Switching to live synthetic video feed.
2026-08-13T17:03:23+0530 [INFO] [vision.fish_tracker] YOLOv8 ONNX fish detector loaded: fish_detector_yolov8.onnx input=(640, 640)
2026-08-13T19:36:38+0530 [INFO] [vision.fish_tracker] YOLOv8 ONNX fish detector loaded: fish_detector_yolov8.onnx input=(640, 640)
2026-08-13T21:38:33+0530 [WARNING] [vision.side_camera] Hardware Camera (index 0) is unavailable. Switching to live synthetic video feed.
2026-08-13T21:38:35+0530 [INFO] [vision.fish_tracker] YOLOv8 ONNX fish detector loaded: fish_detector_yolov8.onnx input=(640, 640)
2026-08-13T21:38:36+0530 [INFO] [vision.fish_tracker] FishTracker async multi-threaded mode set to: True
2026-08-13T21:59:33+0530 [WARNING] [vision.side_camera] Hardware Camera (index 0) is unavailable. Switching to live synthetic video feed.
2026-08-13T21:59:34+0530 [INFO] [vision.fish_tracker] YOLOv8 ONNX fish detector loaded: fish_detector_yolov8.onnx input=(640, 640)
2026-08-13T22:06:36+0530 [WARNING] [vision.side_camera] Hardware Camera (index 0) is unavailable. Switching to live synthetic video feed.
2026-08-13T22:06:37+0530 [INFO] [vision.fish_tracker] YOLOv8 ONNX fish detector loaded (8 CPU cores): fish_detector_yolov8.onnx input=(640, 640)
2026-08-13T22:07:49+0530 [WARNING] [vision.side_camera] Hardware Camera (index 0) is unavailable. Switching to live synthetic video feed.
2026-08-13T22:07:50+0530 [INFO] [vision.fish_tracker] YOLOv8 ONNX fish detector loaded (8 CPU cores): fish_detector_yolov8.onnx input=(640, 640)
2026-08-13T22:09:48+0530 [WARNING] [vision.side_camera] Hardware Camera (index 0) is unavailable. Switching to live synthetic video feed.
2026-08-13T22:09:49+0530 [INFO] [vision.fish_tracker] YOLOv8 ONNX fish detector loaded (8 CPU cores): fish_detector_yolov8.onnx input=(640, 640)
2026-08-13T22:09:49+0530 [ERROR] [vision.fish_tracker] YOLOv8 ONNX tracking inference error: [ONNXRuntimeError] : 2 : INVALID_ARGUMENT : Got invalid dimensions for input: images for the following indices
 index: 2 Got: 320 Expected: 640
 index: 3 Got: 320 Expected: 640
 Please fix either the inputs/outputs or the model.
2026-08-13T22:09:49+0530 [ERROR] [vision.fish_tracker] YOLOv8 ONNX tracking inference error: [ONNXRuntimeError] : 2 : INVALID_ARGUMENT : Got invalid dimensions for input: images for the following indices
 index: 2 Got: 320 Expected: 640
 index: 3 Got: 320 Expected: 640
 Please fix either the inputs/outputs or the model.
2026-08-13T22:09:49+0530 [ERROR] [vision.fish_tracker] YOLOv8 ONNX tracking inference error: [ONNXRuntimeError] : 2 : INVALID_ARGUMENT : Got invalid dimensions for input: images for the following indices
 index: 2 Got: 320 Expected: 640
 index: 3 Got: 320 Expected: 640
 Please fix either the inputs/outputs or the model.
2026-08-13T22:09:49+0530 [ERROR] [vision.fish_tracker] YOLOv8 ONNX tracking inference error: [ONNXRuntimeError] : 2 : INVALID_ARGUMENT : Got invalid dimensions for input: images for the following indices
 index: 2 Got: 320 Expected: 640
 index: 3 Got: 320 Expected: 640
 Please fix either the inputs/outputs or the model.
2026-08-13T22:09:49+0530 [ERROR] [vision.fish_tracker] YOLOv8 ONNX tracking inference error: [ONNXRuntimeError] : 2 : INVALID_ARGUMENT : Got invalid dimensions for input: images for the following indices
 index: 2 Got: 320 Expected: 640
 index: 3 Got: 320 Expected: 640
 Please fix either the inputs/outputs or the model.
2026-08-13T22:09:49+0530 [ERROR] [vision.fish_tracker] YOLOv8 ONNX tracking inference error: [ONNXRuntimeError] : 2 : INVALID_ARGUMENT : Got invalid dimensions for input: images for the following indices
 index: 2 Got: 320 Expected: 640
 index: 3 Got: 320 Expected: 640
 Please fix either the inputs/outputs or the model.
2026-08-13T22:09:49+0530 [ERROR] [vision.fish_tracker] YOLOv8 ONNX tracking inference error: [ONNXRuntimeError] : 2 : INVALID_ARGUMENT : Got invalid dimensions for input: images for the following indices
 index: 2 Got: 320 Expected: 640
 index: 3 Got: 320 Expected: 640
 Please fix either the inputs/outputs or the model.
2026-08-13T22:09:49+0530 [ERROR] [vision.fish_tracker] YOLOv8 ONNX tracking inference error: [ONNXRuntimeError] : 2 : INVALID_ARGUMENT : Got invalid dimensions for input: images for the following indices
 index: 2 Got: 320 Expected: 640
 index: 3 Got: 320 Expected: 640
 Please fix either the inputs/outputs or the model.
2026-08-13T22:09:49+0530 [ERROR] [vision.fish_tracker] YOLOv8 ONNX tracking inference error: [ONNXRuntimeError] : 2 : INVALID_ARGUMENT : Got invalid dimensions for input: images for the following indices
 index: 2 Got: 320 Expected: 640
 index: 3 Got: 320 Expected: 640
 Please fix either the inputs/outputs or the model.
2026-08-13T22:09:49+0530 [ERROR] [vision.fish_tracker] YOLOv8 ONNX tracking inference error: [ONNXRuntimeError] : 2 : INVALID_ARGUMENT : Got invalid dimensions for input: images for the following indices
 index: 2 Got: 320 Expected: 640
 index: 3 Got: 320 Expected: 640
 Please fix either the inputs/outputs or the model.
2026-08-13T22:09:49+0530 [ERROR] [vision.fish_tracker] YOLOv8 ONNX tracking inference error: [ONNXRuntimeError] : 2 : INVALID_ARGUMENT : Got invalid dimensions for input: images for the following indices
 index: 2 Got: 320 Expected: 640
 index: 3 Got: 320 Expected: 640
 Please fix either the inputs/outputs or the model.
2026-08-13T22:09:49+0530 [ERROR] [vision.fish_tracker] YOLOv8 ONNX tracking inference error: [ONNXRuntimeError] : 2 : INVALID_ARGUMENT : Got invalid dimensions for input: images for the following indices
 index: 2 Got: 320 Expected: 640
 index: 3 Got: 320 Expected: 640
 Please fix either the inputs/outputs or the model.
2026-08-13T22:09:49+0530 [ERROR] [vision.fish_tracker] YOLOv8 ONNX tracking inference error: [ONNXRuntimeError] : 2 : INVALID_ARGUMENT : Got invalid dimensions for input: images for the following indices
 index: 2 Got: 320 Expected: 640
 index: 3 Got: 320 Expected: 640
 Please fix either the inputs/outputs or the model.
2026-08-13T22:09:49+0530 [ERROR] [vision.fish_tracker] YOLOv8 ONNX tracking inference error: [ONNXRuntimeError] : 2 : INVALID_ARGUMENT : Got invalid dimensions for input: images for the following indices
 index: 2 Got: 320 Expected: 640
 index: 3 Got: 320 Expected: 640
 Please fix either the inputs/outputs or the model.
2026-08-13T22:09:49+0530 [ERROR] [vision.fish_tracker] YOLOv8 ONNX tracking inference error: [ONNXRuntimeError] : 2 : INVALID_ARGUMENT : Got invalid dimensions for input: images for the following indices
 index: 2 Got: 320 Expected: 640
 index: 3 Got: 320 Expected: 640
 Please fix either the inputs/outputs or the model.
2026-08-13T22:09:49+0530 [ERROR] [vision.fish_tracker] YOLOv8 ONNX tracking inference error: [ONNXRuntimeError] : 2 : INVALID_ARGUMENT : Got invalid dimensions for input: images for the following indices
 index: 2 Got: 320 Expected: 640
 index: 3 Got: 320 Expected: 640
 Please fix either the inputs/outputs or the model.
2026-08-13T22:09:49+0530 [ERROR] [vision.fish_tracker] YOLOv8 ONNX tracking inference error: [ONNXRuntimeError] : 2 : INVALID_ARGUMENT : Got invalid dimensions for input: images for the following indices
 index: 2 Got: 320 Expected: 640
 index: 3 Got: 320 Expected: 640
 Please fix either the inputs/outputs or the model.
2026-08-13T22:09:49+0530 [ERROR] [vision.fish_tracker] YOLOv8 ONNX tracking inference error: [ONNXRuntimeError] : 2 : INVALID_ARGUMENT : Got invalid dimensions for input: images for the following indices
 index: 2 Got: 320 Expected: 640
 index: 3 Got: 320 Expected: 640
 Please fix either the inputs/outputs or the model.
2026-08-13T22:09:49+0530 [ERROR] [vision.fish_tracker] YOLOv8 ONNX tracking inference error: [ONNXRuntimeError] : 2 : INVALID_ARGUMENT : Got invalid dimensions for input: images for the following indices
 index: 2 Got: 320 Expected: 640
 index: 3 Got: 320 Expected: 640
 Please fix either the inputs/outputs or the model.
2026-08-13T22:09:51+0530 [ERROR] [vision.fish_tracker] YOLOv8 ONNX tracking inference error: [ONNXRuntimeError] : 2 : INVALID_ARGUMENT : Got invalid dimensions for input: images for the following indices
 index: 2 Got: 320 Expected: 640
 index: 3 Got: 320 Expected: 640
 Please fix either the inputs/outputs or the model.
2026-08-13T22:09:51+0530 [ERROR] [vision.fish_tracker] YOLOv8 ONNX tracking inference error: [ONNXRuntimeError] : 2 : INVALID_ARGUMENT : Got invalid dimensions for input: images for the following indices
 index: 2 Got: 320 Expected: 640
 index: 3 Got: 320 Expected: 640
 Please fix either the inputs/outputs or the model.
2026-08-13T22:09:51+0530 [ERROR] [vision.fish_tracker] YOLOv8 ONNX tracking inference error: [ONNXRuntimeError] : 2 : INVALID_ARGUMENT : Got invalid dimensions for input: images for the following indices
 index: 2 Got: 320 Expected: 640
 index: 3 Got: 320 Expected: 640
 Please fix either the inputs/outputs or the model.
2026-08-13T22:09:51+0530 [ERROR] [vision.fish_tracker] YOLOv8 ONNX tracking inference error: [ONNXRuntimeError] : 2 : INVALID_ARGUMENT : Got invalid dimensions for input: images for the following indices
 index: 2 Got: 320 Expected: 640
 index: 3 Got: 320 Expected: 640
 Please fix either the inputs/outputs or the model.
2026-08-13T22:09:51+0530 [ERROR] [vision.fish_tracker] YOLOv8 ONNX tracking inference error: [ONNXRuntimeError] : 2 : INVALID_ARGUMENT : Got invalid dimensions for input: images for the following indices
 index: 2 Got: 320 Expected: 640
 index: 3 Got: 320 Expected: 640
 Please fix either the inputs/outputs or the model.
2026-08-13T22:09:51+0530 [ERROR] [vision.fish_tracker] YOLOv8 ONNX tracking inference error: [ONNXRuntimeError] : 2 : INVALID_ARGUMENT : Got invalid dimensions for input: images for the following indices
 index: 2 Got: 320 Expected: 640
 index: 3 Got: 320 Expected: 640
 Please fix either the inputs/outputs or the model.
2026-08-13T22:09:51+0530 [ERROR] [vision.fish_tracker] YOLOv8 ONNX tracking inference error: [ONNXRuntimeError] : 2 : INVALID_ARGUMENT : Got invalid dimensions for input: images for the following indices
 index: 2 Got: 320 Expected: 640
 index: 3 Got: 320 Expected: 640
 Please fix either the inputs/outputs or the model.
2026-08-13T22:09:51+0530 [ERROR] [vision.fish_tracker] YOLOv8 ONNX tracking inference error: [ONNXRuntimeError] : 2 : INVALID_ARGUMENT : Got invalid dimensions for input: images for the following indices
 index: 2 Got: 320 Expected: 640
 index: 3 Got: 320 Expected: 640
 Please fix either the inputs/outputs or the model.
2026-08-13T22:09:51+0530 [ERROR] [vision.fish_tracker] YOLOv8 ONNX tracking inference error: [ONNXRuntimeError] : 2 : INVALID_ARGUMENT : Got invalid dimensions for input: images for the following indices
 index: 2 Got: 320 Expected: 640
 index: 3 Got: 320 Expected: 640
 Please fix either the inputs/outputs or the model.
2026-08-13T22:09:51+0530 [ERROR] [vision.fish_tracker] YOLOv8 ONNX tracking inference error: [ONNXRuntimeError] : 2 : INVALID_ARGUMENT : Got invalid dimensions for input: images for the following indices
 index: 2 Got: 320 Expected: 640
 index: 3 Got: 320 Expected: 640
 Please fix either the inputs/outputs or the model.
2026-08-13T22:09:51+0530 [ERROR] [vision.fish_tracker] YOLOv8 ONNX tracking inference error: [ONNXRuntimeError] : 2 : INVALID_ARGUMENT : Got invalid dimensions for input: images for the following indices
 index: 2 Got: 320 Expected: 640
 index: 3 Got: 320 Expected: 640
 Please fix either the inputs/outputs or the model.
2026-08-13T22:09:51+0530 [ERROR] [vision.fish_tracker] YOLOv8 ONNX tracking inference error: [ONNXRuntimeError] : 2 : INVALID_ARGUMENT : Got invalid dimensions for input: images for the following indices
 index: 2 Got: 320 Expected: 640
 index: 3 Got: 320 Expected: 640
 Please fix either the inputs/outputs or the model.
2026-08-13T22:09:51+0530 [ERROR] [vision.fish_tracker] YOLOv8 ONNX tracking inference error: [ONNXRuntimeError] : 2 : INVALID_ARGUMENT : Got invalid dimensions for input: images for the following indices
 index: 2 Got: 320 Expected: 640
 index: 3 Got: 320 Expected: 640
 Please fix either the inputs/outputs or the model.
2026-08-13T22:09:51+0530 [ERROR] [vision.fish_tracker] YOLOv8 ONNX tracking inference error: [ONNXRuntimeError] : 2 : INVALID_ARGUMENT : Got invalid dimensions for input: images for the following indices
 index: 2 Got: 320 Expected: 640
 index: 3 Got: 320 Expected: 640
 Please fix either the inputs/outputs or the model.
2026-08-13T22:09:51+0530 [ERROR] [vision.fish_tracker] YOLOv8 ONNX tracking inference error: [ONNXRuntimeError] : 2 : INVALID_ARGUMENT : Got invalid dimensions for input: images for the following indices
 index: 2 Got: 320 Expected: 640
 index: 3 Got: 320 Expected: 640
 Please fix either the inputs/outputs or the model.
2026-08-13T22:09:51+0530 [ERROR] [vision.fish_tracker] YOLOv8 ONNX tracking inference error: [ONNXRuntimeError] : 2 : INVALID_ARGUMENT : Got invalid dimensions for input: images for the following indices
 index: 2 Got: 320 Expected: 640
 index: 3 Got: 320 Expected: 640
 Please fix either the inputs/outputs or the model.
2026-08-13T22:09:51+0530 [ERROR] [vision.fish_tracker] YOLOv8 ONNX tracking inference error: [ONNXRuntimeError] : 2 : INVALID_ARGUMENT : Got invalid dimensions for input: images for the following indices
 index: 2 Got: 320 Expected: 640
 index: 3 Got: 320 Expected: 640
 Please fix either the inputs/outputs or the model.
2026-08-13T22:09:51+0530 [ERROR] [vision.fish_tracker] YOLOv8 ONNX tracking inference error: [ONNXRuntimeError] : 2 : INVALID_ARGUMENT : Got invalid dimensions for input: images for the following indices
 index: 2 Got: 320 Expected: 640
 index: 3 Got: 320 Expected: 640
 Please fix either the inputs/outputs or the model.
2026-08-13T22:09:51+0530 [ERROR] [vision.fish_tracker] YOLOv8 ONNX tracking inference error: [ONNXRuntimeError] : 2 : INVALID_ARGUMENT : Got invalid dimensions for input: images for the following indices
 index: 2 Got: 320 Expected: 640
 index: 3 Got: 320 Expected: 640
 Please fix either the inputs/outputs or the model.
2026-08-13T22:09:51+0530 [ERROR] [vision.fish_tracker] YOLOv8 ONNX tracking inference error: [ONNXRuntimeError] : 2 : INVALID_ARGUMENT : Got invalid dimensions for input: images for the following indices
 index: 2 Got: 320 Expected: 640
 index: 3 Got: 320 Expected: 640
 Please fix either the inputs/outputs or the model.
2026-08-13T22:09:51+0530 [ERROR] [vision.fish_tracker] YOLOv8 ONNX tracking inference error: [ONNXRuntimeError] : 2 : INVALID_ARGUMENT : Got invalid dimensions for input: images for the following indices
 index: 2 Got: 320 Expected: 640
 index: 3 Got: 320 Expected: 640
 Please fix either the inputs/outputs or the model.
2026-08-13T22:09:51+0530 [ERROR] [vision.fish_tracker] YOLOv8 ONNX tracking inference error: [ONNXRuntimeError] : 2 : INVALID_ARGUMENT : Got invalid dimensions for input: images for the following indices
 index: 2 Got: 320 Expected: 640
 index: 3 Got: 320 Expected: 640
 Please fix either the inputs/outputs or the model.
2026-08-13T22:09:51+0530 [ERROR] [vision.fish_tracker] YOLOv8 ONNX tracking inference error: [ONNXRuntimeError] : 2 : INVALID_ARGUMENT : Got invalid dimensions for input: images for the following indices
 index: 2 Got: 320 Expected: 640
 index: 3 Got: 320 Expected: 640
 Please fix either the inputs/outputs or the model.
2026-08-13T22:09:51+0530 [ERROR] [vision.fish_tracker] YOLOv8 ONNX tracking inference error: [ONNXRuntimeError] : 2 : INVALID_ARGUMENT : Got invalid dimensions for input: images for the following indices
 index: 2 Got: 320 Expected: 640
 index: 3 Got: 320 Expected: 640
 Please fix either the inputs/outputs or the model.
2026-08-13T22:09:51+0530 [ERROR] [vision.fish_tracker] YOLOv8 ONNX tracking inference error: [ONNXRuntimeError] : 2 : INVALID_ARGUMENT : Got invalid dimensions for input: images for the following indices
 index: 2 Got: 320 Expected: 640
 index: 3 Got: 320 Expected: 640
 Please fix either the inputs/outputs or the model.
2026-08-13T22:09:51+0530 [ERROR] [vision.fish_tracker] YOLOv8 ONNX tracking inference error: [ONNXRuntimeError] : 2 : INVALID_ARGUMENT : Got invalid dimensions for input: images for the following indices
 index: 2 Got: 320 Expected: 640
 index: 3 Got: 320 Expected: 640
 Please fix either the inputs/outputs or the model.
2026-08-13T22:09:51+0530 [ERROR] [vision.fish_tracker] YOLOv8 ONNX tracking inference error: [ONNXRuntimeError] : 2 : INVALID_ARGUMENT : Got invalid dimensions for input: images for the following indices
 index: 2 Got: 320 Expected: 640
 index: 3 Got: 320 Expected: 640
 Please fix either the inputs/outputs or the model.
2026-08-13T22:09:51+0530 [ERROR] [vision.fish_tracker] YOLOv8 ONNX tracking inference error: [ONNXRuntimeError] : 2 : INVALID_ARGUMENT : Got invalid dimensions for input: images for the following indices
 index: 2 Got: 320 Expected: 640
 index: 3 Got: 320 Expected: 640
 Please fix either the inputs/outputs or the model.
2026-08-13T22:09:51+0530 [ERROR] [vision.fish_tracker] YOLOv8 ONNX tracking inference error: [ONNXRuntimeError] : 2 : INVALID_ARGUMENT : Got invalid dimensions for input: images for the following indices
 index: 2 Got: 320 Expected: 640
 index: 3 Got: 320 Expected: 640
 Please fix either the inputs/outputs or the model.
2026-08-13T22:09:51+0530 [ERROR] [vision.fish_tracker] YOLOv8 ONNX tracking inference error: [ONNXRuntimeError] : 2 : INVALID_ARGUMENT : Got invalid dimensions for input: images for the following indices
 index: 2 Got: 320 Expected: 640
 index: 3 Got: 320 Expected: 640
 Please fix either the inputs/outputs or the model.
2026-08-13T22:09:51+0530 [ERROR] [vision.fish_tracker] YOLOv8 ONNX tracking inference error: [ONNXRuntimeError] : 2 : INVALID_ARGUMENT : Got invalid dimensions for input: images for the following indices
 index: 2 Got: 320 Expected: 640
 index: 3 Got: 320 Expected: 640
 Please fix either the inputs/outputs or the model.
2026-08-13T22:10:38+0530 [WARNING] [vision.side_camera] Hardware Camera (index 0) is unavailable. Switching to live synthetic video feed.
2026-08-13T22:10:40+0530 [INFO] [vision.fish_tracker] YOLOv8 ONNX fish detector loaded (8 CPU cores): fish_detector_yolov8.onnx input=(640, 640)
2026-08-13T22:30:09+0530 [WARNING] [vision.side_camera] Hardware Camera (index 0) is unavailable. Switching to live synthetic video feed.
2026-08-13T22:30:11+0530 [INFO] [vision.fish_tracker] YOLOv8 ONNX fish detector loaded: fish_detector_yolov8.onnx input=(640, 640)
2026-08-13T22:36:48+0530 [WARNING] [vision.side_camera] Hardware Camera (index 0) is unavailable. Switching to live synthetic video feed.
2026-08-13T22:36:49+0530 [INFO] [vision.fish_tracker] YOLOv8 ONNX fish detector loaded: fish_detector_yolov8.onnx input=(640, 640)
2026-08-13T22:42:28+0530 [WARNING] [vision.side_camera] Hardware Camera (index 0) is unavailable. Switching to live synthetic video feed.
2026-08-13T22:42:29+0530 [INFO] [vision.fish_tracker] YOLOv8 ONNX fish detector loaded: fish_detector_yolov8.onnx input=(640, 640)
2026-08-13T23:00:10+0530 [WARNING] [sensors.ionconcentration_reader] Ion concentration sensor read failed on /dev/ttyUSB1: No module named 'pymodbus'
2026-08-13T23:00:10+0530 [WARNING] [vision.side_camera] Hardware Camera (index 0) is unavailable. Switching to live synthetic video feed.
2026-08-13T23:00:11+0530 [INFO] [vision.fish_tracker] YOLOv8 ONNX fish detector loaded: fish_detector_yolov8.onnx input=(640, 640)
2026-08-13T23:00:15+0530 [WARNING] [master] Visual observation loop error (continuing with accumulated data): name 'math' is not defined
2026-08-13T23:00:37+0530 [WARNING] [sensors.ionconcentration_reader] Ion concentration sensor read failed on /dev/ttyUSB1: No module named 'pymodbus'
2026-08-13T23:00:37+0530 [WARNING] [vision.side_camera] Hardware Camera (index 0) is unavailable. Switching to live synthetic video feed.
2026-08-13T23:00:38+0530 [INFO] [vision.fish_tracker] YOLOv8 ONNX fish detector loaded: fish_detector_yolov8.onnx input=(640, 640)
2026-08-13T23:19:07+0530 [WARNING] [vision.side_camera] Hardware Camera (index 0) is unavailable. Switching to live synthetic video feed.
2026-08-13T23:19:08+0530 [INFO] [vision.fish_tracker] YOLOv8 ONNX fish detector loaded: fish_detector_yolov8.onnx input=(640, 640)
2026-08-14T21:25:40+0530 [INFO] [ml.water_quality_predictor] Loaded water quality model: rfr_model.pkl
2026-08-14T21:25:40+0530 [INFO] [ml.water_quality_predictor] Loaded water quality model: rfr_model.pkl
2026-08-14T21:28:12+0530 [INFO] [ml.water_quality_predictor] Loaded water quality model: lr_model.pkl
2026-08-14T21:51:04+0530 [INFO] [ml.water_quality_predictor] Loaded water quality model: lr_model.pkl
2026-08-14T23:05:27+0530 [INFO] [__main__] Loaded Water Quality Model (best_water_quality_model.keras, type=keras, threshold=0.50)
2026-08-14T23:05:32+0530 [INFO] [__main__] Saved XAI charts and CSV outputs to C:\Users\Administrator\Desktop\PROJETS\aquarium\coderev5\RPi\models\water_quality\xai_outputs
2026-08-14T23:05:53+0530 [WARNING] [sensors.ionconcentration_reader] Ion concentration sensor read failed on /dev/ttyUSB1: No module named 'pymodbus'
2026-08-14T23:06:01+0530 [INFO] [ml.water_quality_predictor] Loaded Water Quality Model (best_water_quality_model.keras, type=keras, threshold=0.50)
2026-08-15T11:21:51+0530 [WARNING] [sensors.ionconcentration_reader] Ion concentration sensor read failed on /dev/ttyUSB1: No module named 'pymodbus'
2026-08-15T11:23:15+0530 [INFO] [ml.water_quality_predictor] Loaded Water Quality Model (best_water_quality_model.keras, type=keras, threshold=0.50)
